17 actionable tasks: 1 executed, 16 up-to-date
